\BOOKMARK [0][-]{section*.2}{\376\377\000D\000\351\000c\000l\000a\000r\000a\000t\000i\000o\000n\000\040\000s\000u\000r\000\040\000l\000'\000u\000t\000i\000l\000i\000s\000a\000t\000i\000o\000n\000\040\000d\000e\000\040\000l\000'\000I\000n\000t\000e\000l\000l\000i\000g\000e\000n\000c\000e\000\040\000A\000r\000t\000i\000f\000i\000c\000i\000e\000l\000l\000e\000\040\000G\000\351\000n\000\351\000r\000a\000t\000i\000v\000e}{}% 1
\BOOKMARK [0][-]{section*.4}{\376\377\000D\000\351\000d\000i\000c\000a\000c\000e}{}% 2
\BOOKMARK [0][-]{section*.6}{\376\377\000R\000e\000m\000e\000r\000c\000i\000e\000m\000e\000n\000t\000s}{}% 3
\BOOKMARK [0][-]{section*.8}{\376\377\000A\000b\000s\000t\000r\000a\000c\000t\000\040\000e\000t\000\040\000R\000\351\000s\000u\000m\000\351}{}% 4
\BOOKMARK [0][-]{chapter*.12}{\376\377\000I\000n\000t\000r\000o\000d\000u\000c\000t\000i\000o\000n}{}% 5
\BOOKMARK [0][-]{chapter.1}{\376\377\000\311\000t\000u\000d\000e\000\040\000d\000e\000\040\000P\000r\000o\000j\000e\000t}{}% 6
\BOOKMARK [1][-]{section.1.1}{\376\377\000I\000n\000t\000r\000o\000d\000u\000c\000t\000i\000o\000n}{chapter.1}% 7
\BOOKMARK [1][-]{section.1.2}{\376\377\000P\000r\000\351\000s\000e\000n\000t\000a\000t\000i\000o\000n\000\040\000d\000e\000\040\000l\000'\000O\000r\000g\000a\000n\000i\000s\000m\000e\000\040\000d\000'\000A\000c\000c\000u\000e\000i\000l}{chapter.1}% 8
\BOOKMARK [2][-]{subsection.1.2.1}{\376\377\000S\000t\000r\000u\000c\000t\000u\000r\000e\000\040\000o\000r\000g\000a\000n\000i\000s\000a\000t\000i\000o\000n\000n\000e\000l\000l\000e}{section.1.2}% 9
\BOOKMARK [1][-]{section.1.3}{\376\377\000C\000a\000d\000r\000e\000\040\000e\000t\000\040\000P\000r\000\351\000s\000e\000n\000t\000a\000t\000i\000o\000n\000\040\000d\000u\000\040\000P\000r\000o\000j\000e\000t}{chapter.1}% 10
\BOOKMARK [1][-]{section.1.4}{\376\377\000A\000n\000a\000l\000y\000s\000e\000\040\000d\000e\000\040\000l\000'\000E\000x\000i\000s\000t\000a\000n\000t}{chapter.1}% 11
\BOOKMARK [2][-]{subsection.1.4.1}{\376\377\000\311\000t\000u\000d\000e\000\040\000d\000e\000s\000\040\000s\000o\000l\000u\000t\000i\000o\000n\000s\000\040\000e\000x\000i\000s\000t\000a\000n\000t\000e\000s\000\040\000a\000u\000\040\000n\000i\000v\000e\000a\000u\000\040\000n\000a\000t\000i\000o\000n\000a\000l}{section.1.4}% 12
\BOOKMARK [2][-]{subsection.1.4.2}{\376\377\000\311\000t\000u\000d\000e\000\040\000d\000e\000s\000\040\000s\000o\000l\000u\000t\000i\000o\000n\000s\000\040\000e\000x\000i\000s\000t\000a\000n\000t\000e\000s\000\040\000a\000u\000\040\000n\000i\000v\000e\000a\000u\000\040\000i\000n\000t\000e\000r\000n\000a\000t\000i\000o\000n\000a\000l}{section.1.4}% 13
\BOOKMARK [3][-]{subsubsection.1.4.2.1}{\376\377\000A\000n\000a\000l\000y\000s\000e\000\040\000d\000e\000\040\000l\000a\000\040\000p\000l\000a\000t\000e\000f\000o\000r\000m\000e\000\040\000R\000e\000n\000t\000\040\000C\000e\000n\000t\000r\000i\000c}{subsection.1.4.2}% 14
\BOOKMARK [3][-]{subsubsection.1.4.2.2}{\376\377\000A\000n\000a\000l\000y\000s\000e\000\040\000d\000e\000\040\000H\000Q\000\040\000R\000e\000n\000t\000a\000l\000\040\000S\000o\000f\000t\000w\000a\000r\000e}{subsection.1.4.2}% 15
\BOOKMARK [3][-]{subsubsection.1.4.2.3}{\376\377\000A\000n\000a\000l\000y\000s\000e\000\040\000d\000e\000\040\000V\000E\000V\000S\000\040\000C\000a\000r\000\040\000R\000e\000n\000t\000a\000l\000\040\000p\000l\000a\000t\000f\000o\000r\000m}{subsection.1.4.2}% 16
\BOOKMARK [1][-]{section.1.5}{\376\377\000C\000r\000i\000t\000i\000q\000u\000e\000\040\000d\000e\000\040\000l\000'\000E\000x\000i\000s\000t\000a\000n\000t}{chapter.1}% 17
\BOOKMARK [2][-]{subsection.1.5.1}{\376\377\000C\000r\000i\000t\000i\000q\000u\000e\000\040\000d\000e\000s\000\040\000s\000o\000l\000u\000t\000i\000o\000n\000s\000\040\000e\000x\000i\000s\000t\000a\000n\000t\000e\000s\000\040\000a\000u\000\040\000n\000i\000v\000e\000a\000u\000\040\000n\000a\000t\000i\000o\000n\000a\000l}{section.1.5}% 18
\BOOKMARK [2][-]{subsection.1.5.2}{\376\377\000C\000r\000i\000t\000i\000q\000u\000e\000\040\000d\000e\000s\000\040\000s\000o\000l\000u\000t\000i\000o\000n\000s\000\040\000e\000x\000i\000s\000t\000a\000n\000t\000e\000s\000\040\000a\000u\000\040\000n\000i\000v\000e\000a\000u\000\040\000i\000n\000t\000e\000r\000n\000a\000t\000i\000o\000n\000a\000l}{section.1.5}% 19
\BOOKMARK [1][-]{section.1.6}{\376\377\000S\000o\000l\000u\000t\000i\000o\000n\000\040\000P\000r\000o\000p\000o\000s\000\351\000e}{chapter.1}% 20
\BOOKMARK [1][-]{section.1.7}{\376\377\000M\000\351\000t\000h\000o\000d\000o\000l\000o\000g\000i\000e\000\040\000e\000t\000\040\000M\000o\000d\000\351\000l\000i\000s\000a\000t\000i\000o\000n\000s}{chapter.1}% 21
\BOOKMARK [2][-]{subsection.1.7.1}{\376\377\000L\000e\000s\000\040\000m\000\351\000t\000h\000o\000d\000e\000s\000\040\000a\000g\000i\000l\000e\000s}{section.1.7}% 22
\BOOKMARK [2][-]{subsection.1.7.2}{\376\377\000L\000a\000\040\000m\000\351\000t\000h\000o\000d\000o\000l\000o\000g\000i\000e\000\040\000S\000c\000r\000u\000m}{section.1.7}% 23
\BOOKMARK [2][-]{subsection.1.7.3}{\376\377\000P\000r\000o\000d\000u\000c\000t\000\040\000B\000a\000c\000k\000l\000o\000g\000\040\000e\000t\000\040\000S\000p\000r\000i\000n\000t\000\040\000B\000a\000c\000k\000l\000o\000g}{section.1.7}% 24
\BOOKMARK [1][-]{section.1.8}{\376\377\000L\000a\000n\000g\000a\000g\000e\000\040\000d\000e\000\040\000M\000o\000d\000\351\000l\000i\000s\000a\000t\000i\000o\000n\000\040\000:\000\040\000U\000M\000L}{chapter.1}% 25
\BOOKMARK [1][-]{section.1.9}{\376\377\000C\000o\000n\000c\000l\000u\000s\000i\000o\000n}{chapter.1}% 26
\BOOKMARK [0][-]{chapter.2}{\376\377\000P\000l\000a\000n\000i\000f\000i\000c\000a\000t\000i\000o\000n\000\040\000e\000t\000\040\000a\000r\000c\000h\000i\000t\000e\000c\000t\000u\000r\000e}{}% 27
\BOOKMARK [1][-]{section.2.1}{\376\377\000I\000d\000e\000n\000t\000i\000f\000i\000c\000a\000t\000i\000o\000n\000\040\000d\000e\000s\000\040\000a\000c\000t\000e\000u\000r\000s}{chapter.2}% 28
\BOOKMARK [1][-]{section.2.2}{\376\377\000D\000i\000a\000g\000r\000a\000m\000m\000e\000\040\000d\000e\000\040\000c\000o\000n\000t\000e\000x\000t\000e\000\040\000s\000t\000a\000t\000i\000q\000u\000e}{chapter.2}% 29
\BOOKMARK [1][-]{section.2.3}{\376\377\000I\000d\000e\000n\000t\000i\000f\000i\000c\000a\000t\000i\000o\000n\000\040\000e\000t\000\040\000a\000n\000a\000l\000y\000s\000e\000\040\000d\000e\000s\000\040\000b\000e\000s\000o\000i\000n\000s}{chapter.2}% 30
\BOOKMARK [2][-]{subsection.2.3.1}{\376\377\000I\000d\000e\000n\000t\000i\000f\000i\000c\000a\000t\000i\000o\000n\000\040\000d\000e\000s\000\040\000b\000e\000s\000o\000i\000n\000s\000\040\000f\000o\000n\000c\000t\000i\000o\000n\000n\000e\000l\000s}{section.2.3}% 31
\BOOKMARK [2][-]{subsection.2.3.2}{\376\377\000I\000d\000e\000n\000t\000i\000f\000i\000c\000a\000t\000i\000o\000n\000\040\000d\000e\000s\000\040\000b\000e\000s\000o\000i\000n\000s\000\040\000n\000o\000n\000\040\000f\000o\000n\000c\000t\000i\000o\000n\000n\000e\000l\000s}{section.2.3}% 32
\BOOKMARK [1][-]{section.2.4}{\376\377\000D\000i\000a\000g\000r\000a\000m\000m\000e\000\040\000d\000e\000s\000\040\000c\000a\000s\000\040\000d\000'\000u\000t\000i\000l\000i\000s\000a\000t\000i\000o\000n\000\040\000g\000l\000o\000b\000a\000l}{chapter.2}% 33
\BOOKMARK [1][-]{section.2.5}{\376\377\000I\000d\000e\000n\000t\000i\000f\000i\000c\000a\000t\000i\000o\000n\000\040\000d\000e\000\040\000l\000'\000\351\000q\000u\000i\000p\000e\000\040\000S\000c\000r\000u\000m}{chapter.2}% 34
\BOOKMARK [1][-]{section.2.6}{\376\377\000L\000e\000\040\000B\000a\000c\000k\000l\000o\000g\000\040\000p\000r\000o\000d\000u\000i\000t}{chapter.2}% 35
\BOOKMARK [1][-]{section.2.7}{\376\377\000L\000a\000\040\000p\000l\000a\000n\000i\000f\000i\000c\000a\000t\000i\000o\000n\000\040\000d\000e\000s\000\040\000s\000p\000r\000i\000n\000t\000s}{chapter.2}% 36
\BOOKMARK [1][-]{section.2.8}{\376\377\000D\000i\000a\000g\000r\000a\000m\000m\000e\000\040\000d\000e\000\040\000G\000a\000n\000t\000t}{chapter.2}% 37
\BOOKMARK [1][-]{section.2.9}{\376\377\000C\000o\000n\000c\000l\000u\000s\000i\000o\000n}{chapter.2}% 38
\BOOKMARK [0][-]{chapter.3}{\376\377\000R\000\351\000a\000l\000i\000s\000a\000t\000i\000o\000n\000\040\000d\000u\000\040\000p\000r\000e\000m\000i\000e\000r\000\040\000s\000p\000r\000i\000n\000t}{}% 39
\BOOKMARK [1][-]{section.3.1}{\376\377\000I\000n\000t\000r\000o\000d\000u\000c\000t\000i\000o\000n}{chapter.3}% 40
\BOOKMARK [1][-]{section.3.2}{\376\377\000B\000a\000c\000k\000l\000o\000g\000\040\000p\000r\000o\000d\000u\000i\000t\000\040\000d\000u\000\040\000p\000r\000e\000m\000i\000e\000r\000\040\000s\000p\000r\000i\000n\000t}{chapter.3}% 41
\BOOKMARK [1][-]{section.3.3}{\376\377\000L\000e\000s\000\040\000p\000r\000o\000t\000o\000t\000y\000p\000e\000s\000\040\000d\000e\000s\000\040\000i\000n\000t\000e\000r\000f\000a\000c\000e\000s}{chapter.3}% 42
\BOOKMARK [1][-]{section.3.4}{\376\377\000L\000a\000\040\000s\000p\000\351\000c\000i\000f\000i\000c\000a\000t\000i\000o\000n\000\040\000f\000o\000n\000c\000t\000i\000o\000n\000n\000e\000l\000l\000e\000\040\000d\000e\000s\000\040\000b\000e\000s\000o\000i\000n\000s}{chapter.3}% 43
\BOOKMARK [1][-]{section.3.5}{\376\377\000D\000i\000a\000g\000r\000a\000m\000m\000e\000\040\000d\000e\000\040\000c\000a\000s\000\040\000d\000'\000u\000t\000i\000l\000i\000s\000a\000t\000i\000o\000n\000\040\000d\000u\000\040\000p\000r\000e\000m\000i\000e\000r\000\040\000s\000p\000r\000i\000n\000t}{chapter.3}% 44
\BOOKMARK [1][-]{section.3.6}{\376\377\000A\000n\000a\000l\000y\000s\000e\000\040\000d\000e\000s\000\040\000c\000a\000s\000\040\000d\000'\000u\000t\000i\000l\000i\000s\000a\000t\000i\000o\000n\000\040\000d\000u\000\040\000p\000r\000e\000m\000i\000e\000r\000\040\000s\000p\000r\000i\000n\000t}{chapter.3}% 45
\BOOKMARK [1][-]{section.3.7}{\376\377\000A\000n\000a\000l\000y\000s\000e\000\040\000d\000e\000s\000\040\000c\000a\000s\000\040\000d\000'\000u\000t\000i\000l\000i\000s\000a\000t\000i\000o\000n\000\040\000d\000e\000\040\000l\000'\000a\000c\000t\000e\000u\000r\000\040\000\253\000I\000n\000t\000e\000r\000n\000a\000u\000t\000e\000\273}{chapter.3}% 46
\BOOKMARK [2][-]{subsection.3.7.1}{\376\377\000A\000n\000a\000l\000y\000s\000e\000\040\000d\000e\000\040\000c\000a\000s\000\040\000d\000'\000u\000t\000i\000l\000i\000s\000a\000t\000i\000o\000n\000\040\000\253\000S\000'\000i\000n\000s\000c\000r\000i\000r\000e\000\273}{section.3.7}% 47
\BOOKMARK [1][-]{section.3.8}{\376\377\000A\000n\000a\000l\000y\000s\000e\000\040\000d\000e\000s\000\040\000c\000a\000s\000\040\000d\000'\000u\000t\000i\000l\000i\000s\000a\000t\000i\000o\000n\000\040\000d\000e\000\040\000l\000'\000a\000c\000t\000e\000u\000r\000\040\000\253\000U\000t\000i\000l\000i\000s\000a\000t\000e\000u\000r\000\273}{chapter.3}% 48
\BOOKMARK [2][-]{subsection.3.8.1}{\376\377\000A\000n\000a\000l\000y\000s\000e\000\040\000d\000e\000\040\000c\000a\000s\000\040\000d\000'\000u\000t\000i\000l\000i\000s\000a\000t\000i\000o\000n\000\040\000\253\000S\000'\000a\000u\000t\000h\000e\000n\000t\000i\000f\000i\000e\000r\000\273}{section.3.8}% 49
\BOOKMARK [2][-]{subsection.3.8.2}{\376\377\000A\000n\000a\000l\000y\000s\000e\000\040\000d\000e\000\040\000c\000a\000s\000\040\000d\000'\000u\000t\000i\000l\000i\000s\000a\000t\000i\000o\000n\000\040\000\253\000I\000n\000t\000e\000r\000a\000g\000i\000r\000\040\000a\000v\000e\000c\000\040\000C\000h\000a\000t\000b\000o\000t\000\273}{section.3.8}% 50
\BOOKMARK [2][-]{subsection.3.8.3}{\376\377\000A\000n\000a\000l\000y\000s\000e\000\040\000d\000e\000\040\000c\000a\000s\000\040\000d\000'\000u\000t\000i\000l\000i\000s\000a\000t\000i\000o\000n\000\040\000\253\000G\000\351\000r\000e\000r\000\040\000p\000r\000o\000f\000i\000l\000\273}{section.3.8}% 51
\BOOKMARK [3][-]{subsubsection.3.8.3.1}{\376\377\000A\000n\000a\000l\000y\000s\000e\000\040\000d\000e\000\040\000c\000a\000s\000\040\000d\000'\000u\000t\000i\000l\000i\000s\000a\000t\000i\000o\000n\000\040\000\253\000C\000o\000n\000s\000u\000l\000t\000e\000r\000\040\000p\000r\000o\000f\000i\000l\000\273}{subsection.3.8.3}% 52
\BOOKMARK [1][-]{section.3.9}{\376\377\000A\000n\000a\000l\000y\000s\000e\000\040\000d\000e\000s\000\040\000c\000a\000s\000\040\000d\000'\000u\000t\000i\000l\000i\000s\000a\000t\000i\000o\000n\000\040\000d\000e\000\040\000l\000'\000a\000c\000t\000e\000u\000r\000\040\000\253\000A\000d\000m\000i\000n\000i\000s\000t\000r\000a\000t\000e\000u\000r\000\273}{chapter.3}% 53
\BOOKMARK [2][-]{subsection.3.9.1}{\376\377\000A\000n\000a\000l\000y\000s\000e\000\040\000d\000e\000\040\000c\000a\000s\000\040\000d\000'\000u\000t\000i\000l\000i\000s\000a\000t\000i\000o\000n\000\040\000\253\000C\000o\000n\000s\000u\000l\000t\000e\000r\000\040\000a\000g\000e\000n\000c\000e\000s\000\273}{section.3.9}% 54
\BOOKMARK [2][-]{subsection.3.9.2}{\376\377\000A\000n\000a\000l\000y\000s\000e\000\040\000d\000e\000\040\000c\000a\000s\000\040\000d\000'\000u\000t\000i\000l\000i\000s\000a\000t\000i\000o\000n\000\040\000\253\000A\000j\000o\000u\000t\000e\000r\000\040\000a\000g\000e\000n\000c\000e\000\273}{section.3.9}% 55
\BOOKMARK [2][-]{subsection.3.9.3}{\376\377\000A\000n\000a\000l\000y\000s\000e\000\040\000d\000e\000\040\000c\000a\000s\000\040\000d\000'\000u\000t\000i\000l\000i\000s\000a\000t\000i\000o\000n\000\040\000\253\000B\000l\000o\000q\000u\000e\000r\000/\000D\000\351\000b\000l\000o\000q\000u\000e\000r\000\040\000a\000g\000e\000n\000c\000e\000\273}{section.3.9}% 56
\BOOKMARK [2][-]{subsection.3.9.4}{\376\377\000A\000n\000a\000l\000y\000s\000e\000\040\000d\000e\000\040\000c\000a\000s\000\040\000d\000'\000u\000t\000i\000l\000i\000s\000a\000t\000i\000o\000n\000\040\000\253\000C\000o\000n\000s\000u\000l\000t\000e\000r\000\040\000u\000t\000i\000l\000i\000s\000a\000t\000e\000u\000r\000s\000\273}{section.3.9}% 57
\BOOKMARK [2][-]{subsection.3.9.5}{\376\377\000A\000n\000a\000l\000y\000s\000e\000\040\000d\000e\000\040\000c\000a\000s\000\040\000d\000'\000u\000t\000i\000l\000i\000s\000a\000t\000i\000o\000n\000\040\000\253\000A\000j\000o\000u\000t\000e\000r\000\040\000u\000t\000i\000l\000i\000s\000a\000t\000e\000u\000r\000\273}{section.3.9}% 58
\BOOKMARK [2][-]{subsection.3.9.6}{\376\377\000A\000n\000a\000l\000y\000s\000e\000\040\000d\000e\000\040\000c\000a\000s\000\040\000d\000'\000u\000t\000i\000l\000i\000s\000a\000t\000i\000o\000n\000\040\000\253\000B\000l\000o\000q\000u\000e\000r\000/\000\040\000D\000\351\000b\000l\000o\000q\000u\000e\000r\000\040\000u\000t\000i\000l\000i\000s\000a\000t\000e\000u\000r\000\273}{section.3.9}% 59
\BOOKMARK [1][-]{section.3.10}{\376\377\000A\000n\000a\000l\000y\000s\000e\000\040\000d\000e\000s\000\040\000c\000a\000s\000\040\000d\000'\000u\000t\000i\000l\000i\000s\000a\000t\000i\000o\000n\000\040\000d\000e\000\040\000l\000'\000a\000c\000t\000e\000u\000r\000\040\000\253\000A\000g\000e\000n\000c\000e\000\273}{chapter.3}% 60
\BOOKMARK [2][-]{subsection.3.10.1}{\376\377\000A\000n\000a\000l\000y\000s\000e\000\040\000d\000e\000\040\000c\000a\000s\000\040\000d\000'\000u\000t\000i\000l\000i\000s\000a\000t\000i\000o\000n\000\040\000\253\000G\000\351\000r\000e\000r\000\040\000v\000i\000t\000r\000i\000n\000e\000\273}{section.3.10}% 61
\BOOKMARK [3][-]{subsubsection.3.10.1.1}{\376\377\000A\000n\000a\000l\000y\000s\000e\000\040\000d\000e\000\040\000c\000a\000s\000\040\000d\000'\000u\000t\000i\000l\000i\000s\000a\000t\000i\000o\000n\000\040\000\253\000C\000o\000n\000s\000u\000l\000t\000e\000r\000\040\000v\000i\000t\000r\000i\000n\000e\000\273}{subsection.3.10.1}% 62
\BOOKMARK [2][-]{subsection.3.10.2}{\376\377\000A\000n\000a\000l\000y\000s\000e\000\040\000d\000e\000\040\000c\000a\000s\000\040\000d\000'\000u\000t\000i\000l\000i\000s\000a\000t\000i\000o\000n\000\040\000\253\000A\000j\000o\000u\000t\000e\000r\000\040\000v\000o\000i\000t\000u\000r\000e\000\273}{section.3.10}% 63
\BOOKMARK [3][-]{subsubsection.3.10.2.1}{\376\377\000A\000n\000a\000l\000y\000s\000e\000\040\000d\000e\000\040\000c\000a\000s\000\040\000d\000'\000u\000t\000i\000l\000i\000s\000a\000t\000i\000o\000n\000\040\000\253\000M\000o\000d\000i\000f\000i\000e\000r\000\040\000i\000n\000f\000o\000r\000m\000a\000t\000i\000o\000n\000s\000\040\000v\000o\000i\000t\000u\000r\000e\000\273}{subsection.3.10.2}% 64
\BOOKMARK [1][-]{section.3.11}{\376\377\000C\000o\000n\000c\000e\000p\000t\000i\000o\000n\000\040\000d\000e\000s\000\040\000c\000a\000s\000\040\000d\000'\000u\000t\000i\000l\000i\000s\000a\000t\000i\000o\000n}{chapter.3}% 65
\BOOKMARK [2][-]{subsection.3.11.1}{\376\377\000D\000i\000a\000g\000r\000a\000m\000m\000e\000\040\000d\000e\000s\000\040\000c\000l\000a\000s\000s\000e\000s\000\040\000p\000a\000r\000t\000i\000c\000i\000p\000a\000n\000t\000e\000s}{section.3.11}% 66
\BOOKMARK [3][-]{subsubsection.3.11.1.1}{\376\377\000D\000i\000a\000g\000r\000a\000m\000m\000e\000\040\000d\000e\000s\000\040\000c\000l\000a\000s\000s\000e\000s\000\040\000p\000a\000r\000t\000i\000c\000i\000p\000a\000n\000t\000e\000s\000\040\000p\000a\000r\000\040\000a\000c\000t\000e\000u\000r\000\040\000\253\000I\000n\000t\000e\000r\000n\000a\000u\000t\000e\000\273}{subsection.3.11.1}% 67
\BOOKMARK [3][-]{subsubsection.3.11.1.2}{\376\377\000D\000i\000a\000g\000r\000a\000m\000m\000e\000\040\000d\000e\000s\000\040\000c\000l\000a\000s\000s\000e\000s\000\040\000p\000a\000r\000t\000i\000c\000i\000p\000a\000n\000t\000e\000s\000\040\000p\000a\000r\000\040\000a\000c\000t\000e\000u\000r\000\040\000\253\000U\000t\000i\000l\000i\000s\000a\000t\000e\000u\000r\000\273}{subsection.3.11.1}% 68
\BOOKMARK [3][-]{subsubsection.3.11.1.3}{\376\377\000D\000i\000a\000g\000r\000a\000m\000m\000e\000\040\000d\000e\000s\000\040\000c\000l\000a\000s\000s\000e\000s\000\040\000p\000a\000r\000t\000i\000c\000i\000p\000a\000n\000t\000e\000s\000\040\000p\000a\000r\000\040\000a\000c\000t\000e\000u\000r\000\040\000\253\000A\000g\000e\000n\000c\000e\000\273}{subsection.3.11.1}% 69
\BOOKMARK [3][-]{subsubsection.3.11.1.4}{\376\377\000D\000i\000a\000g\000r\000a\000m\000m\000e\000\040\000d\000e\000s\000\040\000c\000l\000a\000s\000s\000e\000s\000\040\000p\000a\000r\000t\000i\000c\000i\000p\000a\000n\000t\000e\000s\000\040\000p\000a\000r\000\040\000a\000c\000t\000e\000u\000r\000\040\000\253\000A\000d\000m\000i\000n\000i\000s\000t\000r\000a\000t\000e\000u\000r\000\273}{subsection.3.11.1}% 70
\BOOKMARK [1][-]{section.3.12}{\376\377\000D\000i\000a\000g\000r\000a\000m\000m\000e\000s\000\040\000d\000e\000\040\000s\000\351\000q\000u\000e\000n\000c\000e\000\040\000d\000\351\000t\000a\000i\000l\000l\000\351\000s\000\040\000d\000u\000\040\000p\000r\000e\000m\000i\000e\000r\000\040\000s\000p\000r\000i\000n\000t}{chapter.3}% 71
\BOOKMARK [2][-]{subsection.3.12.1}{\376\377\000D\000i\000a\000g\000r\000a\000m\000m\000e\000s\000\040\000d\000e\000\040\000s\000\351\000q\000u\000e\000n\000c\000e\000\040\000d\000\351\000t\000a\000i\000l\000l\000\351\000s\000\040\000d\000e\000\040\000l\040\031\000a\000c\000t\000e\000u\000r\000\040\000I\000n\000t\000e\000r\000n\000a\000u\000t\000e}{section.3.12}% 72
\BOOKMARK [3][-]{subsubsection.3.12.1.1}{\376\377\000D\000i\000a\000g\000r\000a\000m\000m\000e\000s\000\040\000d\000e\000\040\000s\000\351\000q\000u\000e\000n\000c\000e\000\040\000d\000\351\000t\000a\000i\000l\000l\000\351\000\040\000d\000u\000\040\000c\000a\000s\000\040\000d\040\031\000u\000t\000i\000l\000i\000s\000a\000t\000i\000o\000n\000\040\000\253\000\040\000C\000o\000n\000s\000u\000l\000t\000e\000r\000\040\000a\000c\000t\000u\000a\000l\000i\000t\000\351\000s\000\040\000\273}{subsection.3.12.1}% 73
\BOOKMARK [3][-]{subsubsection.3.12.1.2}{\376\377\000D\000i\000a\000g\000r\000a\000m\000m\000e\000s\000\040\000d\000e\000\040\000s\000\351\000q\000u\000e\000n\000c\000e\000\040\000d\000\351\000t\000a\000i\000l\000l\000\351\000\040\000d\000u\000\040\000c\000a\000s\000\040\000d\040\031\000u\000t\000i\000l\000i\000s\000a\000t\000i\000o\000n\000\040\000\253\000\040\000S\040\031\000i\000n\000s\000c\000r\000i\000r\000e\000\040\000\273}{subsection.3.12.1}% 74
\BOOKMARK [2][-]{subsection.3.12.2}{\376\377\000D\000i\000a\000g\000r\000a\000m\000m\000e\000s\000\040\000d\000e\000\040\000s\000\351\000q\000u\000e\000n\000c\000e\000\040\000d\000\351\000t\000a\000i\000l\000l\000\351\000s\000\040\000d\000e\000\040\000l\040\031\000a\000c\000t\000e\000u\000r\000\040\000U\000t\000i\000l\000i\000s\000a\000t\000e\000u\000r}{section.3.12}% 75
\BOOKMARK [3][-]{subsubsection.3.12.2.1}{\376\377\000D\000i\000a\000g\000r\000a\000m\000m\000e\000s\000\040\000d\000e\000\040\000s\000\351\000q\000u\000e\000n\000c\000e\000\040\000d\000\351\000t\000a\000i\000l\000l\000\351\000\040\000d\000u\000\040\000c\000a\000s\000\040\000d\040\031\000u\000t\000i\000l\000i\000s\000a\000t\000i\000o\000n\000\040\000\253\000\040\000S\040\031\000a\000u\000t\000h\000e\000n\000t\000i\000f\000i\000e\000r\000\040\000\273}{subsection.3.12.2}% 76
\BOOKMARK [3][-]{subsubsection.3.12.2.2}{\376\377\000D\000i\000a\000g\000r\000a\000m\000m\000e\000s\000\040\000d\000e\000\040\000s\000\351\000q\000u\000e\000n\000c\000e\000\040\000d\000\351\000t\000a\000i\000l\000l\000\351\000\040\000d\000u\000\040\000c\000a\000s\000\040\000d\040\031\000u\000t\000i\000l\000i\000s\000a\000t\000i\000o\000n\000\040\000\253\000\040\000I\000n\000t\000e\000r\000a\000g\000i\000r\000\040\000a\000v\000e\000c\000\040\000C\000h\000a\000t\000b\000o\000t\000\040\000\273}{subsection.3.12.2}% 77
\BOOKMARK [3][-]{subsubsection.3.12.2.3}{\376\377\000D\000i\000a\000g\000r\000a\000m\000m\000e\000s\000\040\000d\000e\000\040\000s\000\351\000q\000u\000e\000n\000c\000e\000\040\000d\000\351\000t\000a\000i\000l\000l\000\351\000\040\000d\000u\000\040\000c\000a\000s\000\040\000d\040\031\000u\000t\000i\000l\000i\000s\000a\000t\000i\000o\000n\000\040\000\253\000\040\000C\000o\000n\000s\000u\000l\000t\000e\000r\000\040\000p\000r\000o\000f\000i\000l\000\040\000\273}{subsection.3.12.2}% 78
\BOOKMARK [2][-]{subsection.3.12.3}{\376\377\000D\000i\000a\000g\000r\000a\000m\000m\000e\000s\000\040\000d\000e\000\040\000s\000\351\000q\000u\000e\000n\000c\000e\000\040\000d\000\351\000t\000a\000i\000l\000l\000\351\000s\000\040\000d\000e\000\040\000l\040\031\000a\000c\000t\000e\000u\000r\000\040\000A\000d\000m\000i\000n\000i\000s\000t\000r\000a\000t\000e\000u\000r}{section.3.12}% 79
\BOOKMARK [3][-]{subsubsection.3.12.3.1}{\376\377\000D\000i\000a\000g\000r\000a\000m\000m\000e\000s\000\040\000d\000e\000\040\000s\000\351\000q\000u\000e\000n\000c\000e\000\040\000d\000\351\000t\000a\000i\000l\000l\000\351\000\040\000d\000u\000\040\000c\000a\000s\000\040\000d\040\031\000u\000t\000i\000l\000i\000s\000a\000t\000i\000o\000n\000\040\000\253\000\040\000A\000j\000o\000u\000t\000e\000r\000\040\000a\000g\000e\000n\000c\000e\000\040\000\273}{subsection.3.12.3}% 80
\BOOKMARK [3][-]{subsubsection.3.12.3.2}{\376\377\000D\000i\000a\000g\000r\000a\000m\000m\000e\000s\000\040\000d\000e\000\040\000s\000\351\000q\000u\000e\000n\000c\000e\000\040\000d\000\351\000t\000a\000i\000l\000l\000\351\000\040\000d\000u\000\040\000c\000a\000s\000\040\000d\040\031\000u\000t\000i\000l\000i\000s\000a\000t\000i\000o\000n\000\040\000\253\000\040\000B\000l\000o\000q\000u\000e\000r\000/\000D\000\351\000b\000l\000o\000q\000u\000e\000r\000\040\000a\000g\000e\000n\000c\000e\000\040\000\273}{subsection.3.12.3}% 81
\BOOKMARK [3][-]{subsubsection.3.12.3.3}{\376\377\000D\000i\000a\000g\000r\000a\000m\000m\000e\000s\000\040\000d\000e\000\040\000s\000\351\000q\000u\000e\000n\000c\000e\000\040\000d\000\351\000t\000a\000i\000l\000l\000\351\000\040\000d\000u\000\040\000c\000a\000s\000\040\000d\040\031\000u\000t\000i\000l\000i\000s\000a\000t\000i\000o\000n\000\040\000\253\000\040\000A\000j\000o\000u\000t\000e\000r\000\040\000u\000t\000i\000l\000i\000s\000a\000t\000e\000u\000r\000\040\000\273}{subsection.3.12.3}% 82
\BOOKMARK [3][-]{subsubsection.3.12.3.4}{\376\377\000D\000i\000a\000g\000r\000a\000m\000m\000e\000s\000\040\000d\000e\000\040\000s\000\351\000q\000u\000e\000n\000c\000e\000\040\000d\000\351\000t\000a\000i\000l\000l\000\351\000\040\000d\000u\000\040\000c\000a\000s\000\040\000d\040\031\000u\000t\000i\000l\000i\000s\000a\000t\000i\000o\000n\000\040\000\253\000\040\000B\000l\000o\000q\000u\000e\000r\000/\000D\000\351\000b\000l\000o\000q\000u\000e\000r\000\040\000u\000t\000i\000l\000i\000s\000a\000t\000e\000u\000r\000\040\000\273}{subsection.3.12.3}% 83
\BOOKMARK [1][-]{section.3.13}{\376\377\000D\000i\000a\000g\000r\000a\000m\000m\000e\000\040\000d\000e\000\040\000c\000l\000a\000s\000s\000e\000\040\000d\000u\000\040\000p\000r\000e\000m\000i\000e\000r\000\040\000s\000p\000r\000i\000n\000t}{chapter.3}% 84
\BOOKMARK [1][-]{section.3.14}{\376\377\000I\000m\000p\000l\000\351\000m\000e\000n\000t\000a\000t\000i\000o\000n}{chapter.3}% 85
\BOOKMARK [2][-]{subsection.3.14.1}{\376\377\000T\000a\000b\000l\000e\000s\000\040\000d\000e\000\040\000l\000a\000\040\000b\000a\000s\000e\000\040\000d\000e\000\040\000d\000o\000n\000n\000\351\000e\000s}{section.3.14}% 86
\BOOKMARK [3][-]{subsubsection.3.14.1.1}{\376\377\000T\000a\000b\000l\000e\000a\000u\000\040\000\253\000\040\000u\000s\000e\000r\000s\000\040\000\273}{subsection.3.14.1}% 87
\BOOKMARK [3][-]{subsubsection.3.14.1.2}{\376\377\000T\000a\000b\000l\000e\000a\000u\000\040\000\253\000\040\000v\000e\000h\000i\000c\000l\000e\000s\000\040\000\273}{subsection.3.14.1}% 88
\BOOKMARK [2][-]{subsection.3.14.2}{\376\377\000R\000\351\000a\000l\000i\000s\000a\000t\000i\000o\000n\000\040\000d\000e\000s\000\040\000i\000n\000t\000e\000r\000f\000a\000c\000e\000s\000\040\000d\000u\000\040\000p\000r\000e\000m\000i\000e\000r\000\040\000s\000p\000r\000i\000n\000t}{section.3.14}% 89
\BOOKMARK [3][-]{subsubsection.3.14.2.1}{\376\377\000I\000n\000t\000e\000r\000f\000a\000c\000e\000\040\000d\000'\000i\000n\000s\000c\000r\000i\000p\000t\000i\000o\000n\000\040\000:}{subsection.3.14.2}% 90
\BOOKMARK [3][-]{subsubsection.3.14.2.2}{\376\377\000I\000n\000t\000e\000r\000f\000a\000c\000e\000\040\000d\000'\000a\000u\000t\000h\000e\000n\000t\000i\000c\000a\000t\000i\000o\000n\000\040\000:}{subsection.3.14.2}% 91
\BOOKMARK [3][-]{subsubsection.3.14.2.3}{\376\377\000I\000n\000t\000e\000r\000f\000a\000c\000e\000\040\000p\000r\000o\000f\000i\000l\000\040\000:}{subsection.3.14.2}% 92
\BOOKMARK [3][-]{subsubsection.3.14.2.4}{\376\377\000I\000n\000t\000e\000r\000f\000a\000c\000e\000\040\000c\000h\000a\000t\000b\000o\000t\000\040\000:}{subsection.3.14.2}% 93
\BOOKMARK [3][-]{subsubsection.3.14.2.5}{\376\377\000I\000n\000t\000e\000r\000f\000a\000c\000e\000\040\000v\000i\000t\000r\000i\000n\000e\000\040\000:}{subsection.3.14.2}% 94
\BOOKMARK [3][-]{subsubsection.3.14.2.6}{\376\377\000I\000n\000t\000e\000r\000f\000a\000c\000e\000\040\000b\000l\000o\000q\000u\000e\000r\000/\000d\000e\000b\000l\000o\000q\000u\000e\000r\000\040\000u\000n\000e\000\040\000a\000g\000e\000n\000c\000e\000\040\000:}{subsection.3.14.2}% 95
\BOOKMARK [1][-]{section.3.15}{\376\377\000T\000e\000s\000t\000\040\000u\000n\000i\000t\000a\000i\000r\000e}{chapter.3}% 96
\BOOKMARK [2][-]{subsection.3.15.1}{\376\377\000T\000e\000s\000t\000\040\000u\000n\000i\000t\000a\000i\000r\000e\000\040\000d\000u\000\040\000c\000a\000s\000\040\000d\040\031\000u\000t\000i\000l\000i\000s\000a\000t\000i\000o\000n\000\040\000\253\000S\040\031\000a\000u\000t\000h\000e\000n\000t\000i\000f\000i\000e\000r\000\273}{section.3.15}% 97
\BOOKMARK [2][-]{subsection.3.15.2}{\376\377\000T\000e\000s\000t\000\040\000u\000n\000i\000t\000a\000i\000r\000e\000\040\000d\000u\000\040\000c\000a\000s\000\040\000d\040\031\000u\000t\000i\000l\000i\000s\000a\000t\000i\000o\000n\000\040\000\253\000B\000l\000o\000q\000u\000e\000r\000\040\000o\000u\000\040\000D\000\351\000b\000l\000o\000q\000u\000e\000r\000\040\000u\000n\000e\000\040\000a\000g\000e\000n\000c\000e\000\273}{section.3.15}% 98
\BOOKMARK [1][-]{section.3.16}{\376\377\000C\000o\000n\000c\000l\000u\000s\000i\000o\000n}{chapter.3}% 99
\BOOKMARK [0][-]{chapter.4}{\376\377\000R\000\351\000a\000l\000i\000s\000a\000t\000i\000o\000n\000\040\000d\000u\000\040\000d\000e\000u\000x\000i\000\350\000m\000e\000\040\000s\000p\000r\000i\000n\000t}{}% 100
\BOOKMARK [1][-]{section.4.1}{\376\377\000I\000n\000t\000r\000o\000d\000u\000c\000t\000i\000o\000n}{chapter.4}% 101
\BOOKMARK [1][-]{section.4.2}{\376\377\000B\000a\000c\000k\000l\000o\000g\000\040\000p\000r\000o\000d\000u\000i\000t\000\040\000d\000u\000\040\000d\000e\000u\000x\000i\000\350\000m\000e\000\040\000s\000p\000r\000i\000n\000t}{chapter.4}% 102
\BOOKMARK [1][-]{section.4.3}{\376\377\000L\000e\000s\000\040\000p\000r\000o\000t\000o\000t\000y\000p\000e\000s\000\040\000d\000e\000s\000\040\000i\000n\000t\000e\000r\000f\000a\000c\000e\000s}{chapter.4}% 103
\BOOKMARK [1][-]{section.4.4}{\376\377\000L\000a\000\040\000s\000p\000\351\000c\000i\000f\000i\000c\000a\000t\000i\000o\000n\000\040\000f\000o\000n\000c\000t\000i\000o\000n\000n\000e\000l\000l\000e\000\040\000d\000e\000s\000\040\000b\000e\000s\000o\000i\000n\000s}{chapter.4}% 104
\BOOKMARK [1][-]{section.4.5}{\376\377\000D\000i\000a\000g\000r\000a\000m\000m\000e\000\040\000d\000e\000\040\000c\000a\000s\000\040\000d\000'\000u\000t\000i\000l\000i\000s\000a\000t\000i\000o\000n\000\040\000d\000u\000\040\000d\000e\000u\000x\000i\000\350\000m\000e\000\040\000s\000p\000r\000i\000n\000t}{chapter.4}% 105
\BOOKMARK [1][-]{section.4.6}{\376\377\000A\000n\000a\000l\000y\000s\000e\000\040\000d\000e\000s\000\040\000c\000a\000s\000\040\000d\000'\000u\000t\000i\000l\000i\000s\000a\000t\000i\000o\000n\000\040\000d\000u\000\040\000d\000e\000u\000x\000i\000\350\000m\000e\000\040\000s\000p\000r\000i\000n\000t}{chapter.4}% 106
\BOOKMARK [1][-]{section.4.7}{\376\377\000A\000n\000a\000l\000y\000s\000e\000\040\000d\000e\000s\000\040\000c\000a\000s\000\040\000d\000'\000u\000t\000i\000l\000i\000s\000a\000t\000i\000o\000n\000\040\000d\000e\000\040\000l\000'\000a\000c\000t\000e\000u\000r\000\040\000"\000U\000t\000i\000l\000i\000s\000a\000t\000e\000u\000r\000'\000'}{chapter.4}% 107
\BOOKMARK [2][-]{subsection.4.7.1}{\376\377\000A\000n\000a\000l\000y\000s\000e\000\040\000d\000e\000\040\000c\000a\000s\000\040\000d\000'\000u\000t\000i\000l\000i\000s\000a\000t\000i\000o\000n\000\040\000"\000V\000o\000i\000r\000\040\000s\000c\000o\000r\000e\000\040\000c\000l\000i\000e\000n\000t\000'\000'}{section.4.7}% 108
\BOOKMARK [1][-]{section.4.8}{\376\377\000A\000n\000a\000l\000y\000s\000e\000\040\000d\000e\000s\000\040\000c\000a\000s\000\040\000d\000'\000u\000t\000i\000l\000i\000s\000a\000t\000i\000o\000n\000\040\000d\000e\000\040\000l\000'\000a\000c\000t\000e\000u\000r\000\040\000"\000C\000l\000i\000e\000n\000t\000'\000'}{chapter.4}% 109
\BOOKMARK [2][-]{subsection.4.8.1}{\376\377\000A\000n\000a\000l\000y\000s\000e\000\040\000d\000e\000\040\000c\000a\000s\000\040\000d\000'\000u\000t\000i\000l\000i\000s\000a\000t\000i\000o\000n\000\040\000"\000E\000f\000f\000e\000c\000t\000u\000e\000r\000\040\000r\000\351\000s\000e\000r\000v\000a\000t\000i\000o\000n\000'\000'}{section.4.8}% 110
\BOOKMARK [2][-]{subsection.4.8.2}{\376\377\000A\000n\000a\000l\000y\000s\000e\000\040\000d\000e\000\040\000c\000a\000s\000\040\000d\000'\000u\000t\000i\000l\000i\000s\000a\000t\000i\000o\000n\000\040\000"\000C\000o\000n\000s\000u\000l\000t\000e\000r\000\040\000r\000\351\000s\000e\000r\000v\000a\000t\000i\000o\000n\000s\000\040\000e\000n\000\040\000c\000o\000u\000r\000s\000'\000'}{section.4.8}% 111
\BOOKMARK [1][-]{section.4.9}{\376\377\000A\000n\000a\000l\000y\000s\000e\000\040\000d\000e\000s\000\040\000c\000a\000s\000\040\000d\000'\000u\000t\000i\000l\000i\000s\000a\000t\000i\000o\000n\000\040\000d\000e\000\040\000l\000'\000a\000c\000t\000e\000u\000r\000\040\000"\000A\000g\000e\000n\000c\000e\000'\000'}{chapter.4}% 112
\BOOKMARK [2][-]{subsection.4.9.1}{\376\377\000A\000n\000a\000l\000y\000s\000e\000\040\000d\000e\000\040\000c\000a\000s\000\040\000d\000'\000u\000t\000i\000l\000i\000s\000a\000t\000i\000o\000n\000\040\000"\000T\000r\000a\000i\000t\000e\000r\000\040\000r\000\351\000s\000e\000r\000v\000a\000t\000i\000o\000n\000s\000'\000'}{section.4.9}% 113
\BOOKMARK [2][-]{subsection.4.9.2}{\376\377\000A\000n\000a\000l\000y\000s\000e\000\040\000d\000e\000\040\000c\000a\000s\000\040\000d\000'\000u\000t\000i\000l\000i\000s\000a\000t\000i\000o\000n\000\040\000"\000C\000o\000n\000s\000u\000l\000t\000e\000r\000\040\000s\000t\000a\000t\000i\000s\000t\000i\000q\000u\000e\000s\000\040\000\050\000A\000g\000e\000n\000c\000e\000\051\000'\000'}{section.4.9}% 114
\BOOKMARK [1][-]{section.4.10}{\376\377\000A\000n\000a\000l\000y\000s\000e\000\040\000d\000e\000s\000\040\000c\000a\000s\000\040\000d\000'\000u\000t\000i\000l\000i\000s\000a\000t\000i\000o\000n\000\040\000d\000e\000\040\000l\000'\000a\000c\000t\000e\000u\000r\000\040\000"\000A\000d\000m\000i\000n\000i\000s\000t\000r\000a\000t\000e\000u\000r\000'\000'}{chapter.4}% 115
\BOOKMARK [2][-]{subsection.4.10.1}{\376\377\000A\000n\000a\000l\000y\000s\000e\000\040\000d\000e\000\040\000c\000a\000s\000\040\000d\000'\000u\000t\000i\000l\000i\000s\000a\000t\000i\000o\000n\000\040\000"\000G\000\351\000r\000e\000r\000\040\000m\000e\000s\000s\000a\000g\000e\000s\000'\000'}{section.4.10}% 116
\BOOKMARK [2][-]{subsection.4.10.2}{\376\377\000A\000n\000a\000l\000y\000s\000e\000\040\000d\000e\000\040\000c\000a\000s\000\040\000d\000'\000u\000t\000i\000l\000i\000s\000a\000t\000i\000o\000n\000\040\000"\000C\000o\000n\000s\000u\000l\000t\000e\000r\000\040\000s\000t\000a\000t\000i\000s\000t\000i\000q\000u\000e\000s\000\040\000\050\000A\000d\000m\000i\000n\000i\000s\000t\000r\000a\000t\000e\000u\000r\000\051\000'\000'}{section.4.10}% 117
\BOOKMARK [1][-]{section.4.11}{\376\377\000D\000i\000a\000g\000r\000a\000m\000m\000e\000\040\000d\000e\000\040\000c\000l\000a\000s\000s\000e\000\040\000d\000u\000\040\000d\000e\000u\000x\000i\000\350\000m\000e\000\040\000s\000p\000r\000i\000n\000t}{chapter.4}% 118
\BOOKMARK [1][-]{section.4.12}{\376\377\000C\000o\000n\000c\000e\000p\000t\000i\000o\000n\000\040\000d\000e\000s\000\040\000c\000a\000s\000\040\000d\000'\000u\000t\000i\000l\000i\000s\000a\000t\000i\000o\000n}{chapter.4}% 119
\BOOKMARK [2][-]{subsection.4.12.1}{\376\377\000D\000i\000a\000g\000r\000a\000m\000m\000e\000\040\000d\000e\000s\000\040\000c\000l\000a\000s\000s\000e\000s\000\040\000p\000a\000r\000t\000i\000c\000i\000p\000a\000n\000t\000e\000s}{section.4.12}% 120
\BOOKMARK [3][-]{subsubsection.4.12.1.1}{\376\377\000D\000i\000a\000g\000r\000a\000m\000m\000e\000\040\000d\000e\000s\000\040\000c\000l\000a\000s\000s\000e\000s\000\040\000p\000a\000r\000t\000i\000c\000i\000p\000a\000n\000t\000e\000s\000\040\000p\000a\000r\000\040\000a\000c\000t\000e\000u\000r\000\040\000"\000U\000t\000i\000l\000i\000s\000a\000t\000e\000u\000r\000'\000'}{subsection.4.12.1}% 121
\BOOKMARK [3][-]{subsubsection.4.12.1.2}{\376\377\000D\000i\000a\000g\000r\000a\000m\000m\000e\000\040\000d\000e\000s\000\040\000c\000l\000a\000s\000s\000e\000s\000\040\000p\000a\000r\000t\000i\000c\000i\000p\000a\000n\000t\000e\000s\000\040\000p\000a\000r\000\040\000a\000c\000t\000e\000u\000r\000\040\000"\000C\000l\000i\000e\000n\000t\000'\000'}{subsection.4.12.1}% 122
\BOOKMARK [3][-]{subsubsection.4.12.1.3}{\376\377\000D\000i\000a\000g\000r\000a\000m\000m\000e\000\040\000d\000e\000s\000\040\000c\000l\000a\000s\000s\000e\000s\000\040\000p\000a\000r\000t\000i\000c\000i\000p\000a\000n\000t\000e\000s\000\040\000p\000a\000r\000\040\000a\000c\000t\000e\000u\000r\000\040\000"\000A\000g\000e\000n\000c\000e\000'\000'}{subsection.4.12.1}% 123
\BOOKMARK [3][-]{subsubsection.4.12.1.4}{\376\377\000D\000i\000a\000g\000r\000a\000m\000m\000e\000\040\000d\000e\000s\000\040\000c\000l\000a\000s\000s\000e\000s\000\040\000p\000a\000r\000t\000i\000c\000i\000p\000a\000n\000t\000e\000s\000\040\000p\000a\000r\000\040\000a\000c\000t\000e\000u\000r\000\040\000"\000A\000d\000m\000i\000n\000i\000s\000t\000r\000a\000t\000e\000u\000r\000'\000'}{subsection.4.12.1}% 124
\BOOKMARK [1][-]{section.4.13}{\376\377\000D\000i\000a\000g\000r\000a\000m\000m\000e\000s\000\040\000d\000e\000\040\000s\000\351\000q\000u\000e\000n\000c\000e\000\040\000d\000\351\000t\000a\000i\000l\000l\000\351\000s\000\040\000d\000u\000\040\000d\000e\000u\000x\000i\000\351\000m\000e\000\040\000s\000p\000r\000i\000n\000t}{chapter.4}% 125
\BOOKMARK [2][-]{subsection.4.13.1}{\376\377\000D\000i\000a\000g\000r\000a\000m\000m\000e\000s\000\040\000d\000e\000\040\000s\000\351\000q\000u\000e\000n\000c\000e\000\040\000d\000\351\000t\000a\000i\000l\000l\000\351\000s\000\040\000d\000e\000\040\000l\040\031\000a\000c\000t\000e\000u\000r\000\040\000U\000t\000i\000l\000i\000s\000a\000t\000e\000u\000r}{section.4.13}% 126
\BOOKMARK [3][-]{subsubsection.4.13.1.1}{\376\377\000D\000i\000a\000g\000r\000a\000m\000m\000e\000s\000\040\000d\000e\000\040\000s\000\351\000q\000u\000e\000n\000c\000e\000\040\000d\000\351\000t\000a\000i\000l\000l\000\351\000\040\000d\000u\000\040\000c\000a\000s\000\040\000d\040\031\000u\000t\000i\000l\000i\000s\000a\000t\000i\000o\000n\000\040\000"\000\040\000V\000o\000i\000r\000\040\000s\000c\000o\000r\000e\000\040\000c\000l\000i\000e\000n\000t\000\040\000'\000'}{subsection.4.13.1}% 127
\BOOKMARK [2][-]{subsection.4.13.2}{\376\377\000D\000i\000a\000g\000r\000a\000m\000m\000e\000s\000\040\000d\000e\000\040\000s\000\351\000q\000u\000e\000n\000c\000e\000\040\000d\000\351\000t\000a\000i\000l\000l\000\351\000s\000\040\000d\000e\000\040\000l\040\031\000a\000c\000t\000e\000u\000r\000\040\000C\000l\000i\000e\000n\000t}{section.4.13}% 128
\BOOKMARK [3][-]{subsubsection.4.13.2.1}{\376\377\000D\000i\000a\000g\000r\000a\000m\000m\000e\000s\000\040\000d\000e\000\040\000s\000\351\000q\000u\000e\000n\000c\000e\000\040\000d\000\351\000t\000a\000i\000l\000l\000\351\000\040\000d\000u\000\040\000c\000a\000s\000\040\000d\040\031\000u\000t\000i\000l\000i\000s\000a\000t\000i\000o\000n\000\040\000"\000\040\000E\000f\000f\000e\000c\000t\000u\000e\000r\000\040\000r\000\351\000s\000e\000r\000v\000a\000t\000i\000o\000n\000\040\000'\000'}{subsection.4.13.2}% 129
\BOOKMARK [3][-]{subsubsection.4.13.2.2}{\376\377\000D\000i\000a\000g\000r\000a\000m\000m\000e\000s\000\040\000d\000e\000\040\000s\000\351\000q\000u\000e\000n\000c\000e\000\040\000d\000\351\000t\000a\000i\000l\000l\000\351\000\040\000d\000u\000\040\000c\000a\000s\000\040\000d\040\031\000u\000t\000i\000l\000i\000s\000a\000t\000i\000o\000n\000\040\000"\000\040\000C\000o\000n\000s\000u\000l\000t\000e\000r\000\040\000r\000e\000s\000e\000r\000v\000a\000t\000i\000o\000n\000\040\000'\000'}{subsection.4.13.2}% 130
\BOOKMARK [2][-]{subsection.4.13.3}{\376\377\000D\000i\000a\000g\000r\000a\000m\000m\000e\000s\000\040\000d\000e\000\040\000s\000\351\000q\000u\000e\000n\000c\000e\000\040\000d\000\351\000t\000a\000i\000l\000l\000\351\000s\000\040\000d\000e\000\040\000l\040\031\000a\000c\000t\000e\000u\000r\000\040\000A\000g\000e\000n\000c\000e}{section.4.13}% 131
\BOOKMARK [3][-]{subsubsection.4.13.3.1}{\376\377\000D\000i\000a\000g\000r\000a\000m\000m\000e\000s\000\040\000d\000e\000\040\000s\000\351\000q\000u\000e\000n\000c\000e\000\040\000d\000\351\000t\000a\000i\000l\000l\000\351\000\040\000d\000u\000\040\000c\000a\000s\000\040\000d\040\031\000u\000t\000i\000l\000i\000s\000a\000t\000i\000o\000n\000\040\000"\000\040\000T\000r\000a\000i\000t\000e\000r\000\040\000r\000\351\000s\000e\000r\000v\000a\000t\000i\000o\000n\000s\000\040\000'\000'}{subsection.4.13.3}% 132
\BOOKMARK [3][-]{subsubsection.4.13.3.2}{\376\377\000D\000i\000a\000g\000r\000a\000m\000m\000e\000s\000\040\000d\000e\000\040\000s\000\351\000q\000u\000e\000n\000c\000e\000\040\000d\000\351\000t\000a\000i\000l\000l\000\351\000\040\000d\000u\000\040\000c\000a\000s\000\040\000d\040\031\000u\000t\000i\000l\000i\000s\000a\000t\000i\000o\000n\000\040\000"\000\040\000C\000o\000n\000s\000u\000l\000t\000e\000r\000\040\000s\000t\000a\000t\000i\000s\000t\000i\000q\000u\000e\000s\000\040\000a\000g\000e\000n\000c\000e\000\040\000'\000'}{subsection.4.13.3}% 133
\BOOKMARK [2][-]{subsection.4.13.4}{\376\377\000D\000i\000a\000g\000r\000a\000m\000m\000e\000s\000\040\000d\000e\000\040\000s\000\351\000q\000u\000e\000n\000c\000e\000\040\000d\000\351\000t\000a\000i\000l\000l\000\351\000s\000\040\000d\000e\000\040\000l\040\031\000a\000c\000t\000e\000u\000r\000\040\000A\000d\000m\000i\000n\000i\000s\000t\000r\000a\000t\000e\000u\000r}{section.4.13}% 134
\BOOKMARK [3][-]{subsubsection.4.13.4.1}{\376\377\000D\000i\000a\000g\000r\000a\000m\000m\000e\000s\000\040\000d\000e\000\040\000s\000\351\000q\000u\000e\000n\000c\000e\000\040\000d\000\351\000t\000a\000i\000l\000l\000\351\000\040\000d\000u\000\040\000c\000a\000s\000\040\000d\040\031\000u\000t\000i\000l\000i\000s\000a\000t\000i\000o\000n\000\040\000"\000\040\000G\000\351\000r\000e\000r\000\040\000m\000e\000s\000s\000a\000g\000e\000s\000\040\000'\000'}{subsection.4.13.4}% 135
\BOOKMARK [3][-]{subsubsection.4.13.4.2}{\376\377\000D\000i\000a\000g\000r\000a\000m\000m\000e\000s\000\040\000d\000e\000\040\000s\000\351\000q\000u\000e\000n\000c\000e\000\040\000d\000\351\000t\000a\000i\000l\000l\000\351\000\040\000d\000u\000\040\000c\000a\000s\000\040\000d\040\031\000u\000t\000i\000l\000i\000s\000a\000t\000i\000o\000n\000\040\000"\000\040\000C\000o\000n\000s\000u\000l\000t\000e\000r\000\040\000s\000t\000a\000t\000i\000s\000t\000i\000q\000u\000e\000s\000\040\000a\000d\000m\000i\000n\000i\000s\000t\000r\000a\000t\000e\000u\000r\000\040\000'\000'}{subsection.4.13.4}% 136
\BOOKMARK [1][-]{section.4.14}{\376\377\000D\000i\000a\000g\000r\000a\000m\000m\000e\000\040\000d\000e\000\040\000c\000l\000a\000s\000s\000e\000\040\000d\000u\000\040\000d\000e\000u\000x\000i\000\350\000m\000e\000\040\000s\000p\000r\000i\000n\000t}{chapter.4}% 137
\BOOKMARK [1][-]{section.4.15}{\376\377\000I\000m\000p\000l\000\351\000m\000e\000n\000t\000a\000t\000i\000o\000n}{chapter.4}% 138
\BOOKMARK [2][-]{subsection.4.15.1}{\376\377\000T\000a\000b\000l\000e\000s\000\040\000d\000e\000\040\000l\000a\000\040\000b\000a\000s\000e\000\040\000d\000e\000\040\000d\000o\000n\000n\000\351\000e\000s}{section.4.15}% 139
\BOOKMARK [3][-]{subsubsection.4.15.1.1}{\376\377\000T\000a\000b\000l\000e\000a\000u\000\040\000\253\000\040\000r\000e\000s\000e\000r\000v\000a\000t\000i\000o\000n\000s\000\040\000\273}{subsection.4.15.1}% 140
\BOOKMARK [3][-]{subsubsection.4.15.1.2}{\376\377\000T\000a\000b\000l\000e\000a\000u\000\040\000\253\000\040\000c\000o\000n\000t\000a\000c\000t\000\137\000m\000e\000s\000s\000a\000g\000e\000s\000\040\000\273}{subsection.4.15.1}% 141
\BOOKMARK [3][-]{subsubsection.4.15.1.3}{\376\377\000T\000a\000b\000l\000e\000a\000u\000\040\000\253\000\040\000c\000l\000i\000e\000n\000t\000\137\000r\000e\000l\000i\000a\000b\000i\000l\000i\000t\000y\000\137\000s\000c\000o\000r\000e\000s\000\040\000\273}{subsection.4.15.1}% 142
\BOOKMARK [2][-]{subsection.4.15.2}{\376\377\000R\000\351\000a\000l\000i\000s\000a\000t\000i\000o\000n\000\040\000d\000e\000s\000\040\000i\000n\000t\000e\000r\000f\000a\000c\000e\000s\000\040\000d\000u\000\040\000d\000e\000u\000x\000i\000\350\000m\000e\000\040\000s\000p\000r\000i\000n\000t}{section.4.15}% 143
\BOOKMARK [3][-]{subsubsection.4.15.2.1}{\376\377\000I\000n\000t\000e\000r\000f\000a\000c\000e\000\040\000c\000o\000n\000t\000a\000c\000t\000\040\000a\000d\000m\000i\000n\000i\000s\000t\000r\000a\000t\000e\000u\000r\000\040\000:}{subsection.4.15.2}% 144
\BOOKMARK [3][-]{subsubsection.4.15.2.2}{\376\377\000I\000n\000t\000e\000r\000f\000a\000c\000e\000\040\000f\000o\000r\000m\000u\000l\000a\000i\000r\000e\000\040\000r\000\351\000s\000e\000r\000v\000a\000t\000i\000o\000n\000\040\000:}{subsection.4.15.2}% 145
\BOOKMARK [3][-]{subsubsection.4.15.2.3}{\376\377\000I\000n\000t\000e\000r\000f\000a\000c\000e\000\040\000s\000t\000a\000t\000i\000s\000t\000i\000q\000u\000e\000s\000\040\000g\000l\000o\000b\000a\000l\000e\000s\000\040\000:}{subsection.4.15.2}% 146
\BOOKMARK [1][-]{section.4.16}{\376\377\000T\000e\000s\000t}{chapter.4}% 147
\BOOKMARK [2][-]{subsection.4.16.1}{\376\377\000T\000e\000s\000t\000\040\000u\000n\000i\000t\000a\000i\000r\000e}{section.4.16}% 148
\BOOKMARK [3][-]{subsubsection.4.16.1.1}{\376\377\000T\000e\000s\000t\000\040\000u\000n\000i\000t\000a\000i\000r\000e\000\040\000d\000u\000\040\000c\000a\000s\000\040\000d\000'\000u\000t\000i\000l\000i\000s\000a\000t\000i\000o\000n\000\040\000"\000V\000o\000i\000r\000\040\000s\000c\000o\000r\000e\000\040\000c\000l\000i\000e\000n\000t\000'\000'}{subsection.4.16.1}% 149
\BOOKMARK [1][-]{section.4.17}{\376\377\000C\000o\000n\000c\000l\000u\000s\000i\000o\000n}{chapter.4}% 150
\BOOKMARK [0][-]{chapter.5}{\376\377\000P\000h\000a\000s\000e\000\040\000d\000e\000\040\000c\000l\000\364\000t\000u\000r\000e}{}% 151
\BOOKMARK [1][-]{section.5.1}{\376\377\000I\000n\000t\000r\000o\000d\000u\000c\000t\000i\000o\000n}{chapter.5}% 152
\BOOKMARK [1][-]{section.5.2}{\376\377\000E\000n\000v\000i\000r\000o\000n\000n\000e\000m\000e\000n\000t\000\040\000t\000e\000c\000h\000n\000i\000q\000u\000e\000\040\000e\000t\000\040\000o\000u\000t\000i\000l\000s\000\040\000a\000d\000o\000p\000t\000\351\000s}{chapter.5}% 153
\BOOKMARK [1][-]{section.5.3}{\376\377\000T\000e\000c\000h\000n\000o\000l\000o\000g\000i\000e\000s\000\040\000d\000e\000\040\000d\000\351\000v\000e\000l\000o\000p\000p\000e\000m\000e\000n\000t}{chapter.5}% 154
\BOOKMARK [1][-]{section.5.4}{\376\377\000L\000o\000g\000i\000c\000i\000e\000l\000s\000\040\000u\000t\000i\000l\000i\000s\000\351\000s}{chapter.5}% 155
\BOOKMARK [1][-]{section.5.5}{\376\377\000M\000i\000s\000e\000\040\000e\000n\000\040\000p\000r\000o\000d\000u\000c\000t\000i\000o\000n\000\040\000e\000t\000\040\000o\000r\000g\000a\000n\000i\000s\000a\000t\000i\000o\000n\000\040\000d\000u\000\040\000d\000\351\000p\000l\000o\000i\000e\000m\000e\000n\000t}{chapter.5}% 156
\BOOKMARK [1][-]{section.5.6}{\376\377\000C\000h\000o\000i\000x\000\040\000t\000e\000c\000h\000n\000o\000l\000o\000g\000i\000q\000u\000e\000s}{chapter.5}% 157
\BOOKMARK [2][-]{subsection.5.6.1}{\376\377\000A\000r\000c\000h\000i\000t\000e\000c\000t\000u\000r\000e\000\040\000r\000e\000t\000e\000n\000u\000e\000\040\000d\000a\000n\000s\000\040\000n\000o\000t\000r\000e\000\040\000p\000r\000o\000j\000e\000t}{section.5.6}% 158
\BOOKMARK [1][-]{section.5.7}{\376\377\000C\000o\000n\000c\000l\000u\000s\000i\000o\000n}{chapter.5}% 159
\BOOKMARK [0][-]{chapter*.131}{\376\377\000C\000o\000n\000c\000l\000u\000s\000i\000o\000n}{}% 160
